3,6,2,1,200,65,155
6,5,1,2,96,177,56
3,4,1,1,181,236,28
1,3,1,3,136,173,81
6,2,1,2,112,61,161
1,1,2,1,58,210,24
4,1,1,2,59,102,113
