13,31,2,1,112,227,231
7,27,3,5,170,77,235
2,23,15,3,225,90,80
21,22,3,9,139,147,146
5,21,12,2,181,154,190
0,20,1,11,158,132,196
27,17,3,11,56,85,219
1,15,4,4,47,133,60
19,6,6,13,251,206,196
6,3,10,13,50,208,46
28,3,1,12,170,144,11
1,1,5,4,205,55,191
6,1,13,1,75,68,91
