17,33,2,1,216,111,223
5,29,3,2,130,63,61
33,27,2,2,4,97,97
18,25,1,2,26,80,107
26,25,2,3,199,206,77
9,23,3,1,173,52,63
19,19,1,1,200,107,121
28,17,1,3,76,115,95
12,16,2,2,111,74,216
5,15,1,1,230,151,144
34,14,1,3,150,213,169
19,12,1,2,127,96,153
25,10,3,2,230,0,55
13,9,1,2,158,59,185
19,6,1,1,112,252,105
5,5,3,2,9,241,25
33,5,1,1,123,111,223
