3,6,1,1,159,254,106
6,6,2,1,65,238,145
2,3,5,1,141,179,202
